Copyright 2010, JA-SIG, Inc.
This project includes software developed by Jasig.
http://www.jasig.org/

Licensed under the Apache License, Version 2.0 (the
"License"); you may not use this file except in compliance
with the License. You may obtain a copy of the License at:

http://www.apache.org/licenses/LICENSE-2.0

Unless required by applicable law or agreed to in writing,
software distributed under the License is distributed on
an "AS IS" BASIS, WITHOUT WARRANTIES OR CONDITIONS OF ANY
KIND, either express or implied. See the License for the
specific language governing permissions and limitations
under the License.

This project includes:
  Backport of JSR 166 under Public Domain
  classworlds under Apache Software License 2.0
  Default Plexus Container under Apache Software License 2.0
  JUnit under Common Public License Version 1.0
  Maven Artifact under The Apache Software License, Version 2.0
  Maven Artifact Manager under The Apache Software License, Version 2.0
  Maven Local Settings Model under The Apache Software License, Version 2.0
  Maven Model under The Apache Software License, Version 2.0
  Maven Plugin Registry Model under The Apache Software License, Version 2.0
  Maven Profile Model under The Apache Software License, Version 2.0
  Maven Project Builder under The Apache Software License, Version 2.0
  Maven Repository Metadata Model under The Apache Software License, Version 2.0
  Maven Wagon API under The Apache Software License, Version 2.0
  Notice Test under The Apache Software License, Version 2.0
  Plexus Common Utilities under The Apache Software License, Version 2.0
  Plexus Interpolation API under The Apache Software License, Version 2.0


This project also includes code under copywrite of the following entities:
  http://code.google.com/p/maven-license-plugin/
